// Jest Snapshot v1, https://goo.gl/fbAQLP

exports[`assert should error when a value is undefined but required 1`] = `"You tried to call .myCall({\\"foo\\":\\"bar\\",\\"bar\\":\\"baz\\"}) but \`baz\` is also required."`;

exports[`assert should error when all parameters are missing 1`] = `"You tried to call .myCall({}) but \`foo\`, \`bar\` and \`baz\` are required."`;

exports[`assert should error when two parameters are missing 1`] = `"You tried to call .myCall({\\"foo\\":\\"bar\\"}) but \`bar\` and \`baz\` are also required."`;
