// Jest Snapshot v1, https://goo.gl/fbAQLP

exports[`resources should define all the resources 1`] = `
Object {
  "accessTokens": Object {
    "allowed_includes": Array [],
    "allowed_methods": Array [
      "*",
    ],
    "deprecated": false,
    "filters": Array [],
    "headers": Object {},
    "requires_domain_map": false,
    "resource": "access_tokens",
    "sub_resources": Object {},
  },
  "admins": Object {
    "allowed_includes": Array [
      "user",
    ],
    "allowed_methods": Array [
      "*",
    ],
    "deprecated": false,
    "filters": Array [
      "page",
      "per_page",
    ],
    "headers": Object {},
    "requires_domain_map": false,
    "resource": "admins",
    "sub_resources": Object {},
  },
  "appointmentOutcomes": Object {
    "allowed_includes": Array [
      "appointment",
      "outcome",
    ],
    "allowed_methods": Array [
      "*",
    ],
    "deprecated": false,
    "filters": Array [
      "appointment_id",
      "outcome_id",
      "page",
      "per_page",
    ],
    "headers": Object {},
    "requires_domain_map": false,
    "resource": "appointment_outcomes",
    "sub_resources": Object {},
  },
  "appointments": Object {
    "allowed_includes": Array [
      "subject",
      "subject.subject_category",
      "office",
      "customer",
      "contact",
      "contact.employee",
      "contact.user",
      "possibilities",
      "possibilities.created_by",
      "accepted_possibility",
      "answers",
      "initiated_by",
      "outcomes",
      "appointment_outcomes",
    ],
    "allowed_methods": Array [
      "*",
    ],
    "deprecated": false,
    "filters": Array [
      "uuid",
      "state",
      "start",
      "end",
      "contact",
      "office",
      "order_by_start",
      "page",
      "per_page",
    ],
    "headers": Object {
      "post": Object {
        "recaptcha": [Function],
      },
    },
    "requires_domain_map": false,
    "resource": "appointments",
    "sub_resources": Object {
      "answers": Object {
        "allowed_includes": Array [
          "question",
        ],
        "allowed_methods": Array [
          "*",
        ],
        "deprecated": false,
        "filters": Array [
          "page",
          "per_page",
        ],
        "headers": Object {},
        "requires_domain_map": false,
        "resource": "answers",
        "sub_resources": Object {},
      },
      "availableContacts": Object {
        "allowed_includes": Array [
          "user",
        ],
        "allowed_methods": Array [
          "*",
        ],
        "deprecated": false,
        "filters": Array [
          "page",
          "per_page",
        ],
        "headers": Object {},
        "requires_domain_map": false,
        "resource": "available_contacts",
        "sub_resources": Object {},
      },
      "messages": Object {
        "allowed_includes": Array [],
        "allowed_methods": Array [
          "*",
        ],
        "deprecated": false,
        "filters": Array [
          "page",
          "per_page",
        ],
        "headers": Object {},
        "requires_domain_map": false,
        "resource": "messages",
        "sub_resources": Object {},
      },
      "possibilities": Object {
        "allowed_includes": Array [],
        "allowed_methods": Array [
          "*",
        ],
        "deprecated": false,
        "filters": Array [
          "page",
          "per_page",
        ],
        "headers": Object {},
        "requires_domain_map": false,
        "resource": "possibilities",
        "sub_resources": Object {},
      },
    },
  },
  "calendarEventTemplates": Object {
    "allowed_includes": Array [
      "language",
    ],
    "allowed_methods": Array [
      "*",
    ],
    "deprecated": false,
    "filters": Array [
      "page",
      "per_page",
    ],
    "headers": Object {},
    "requires_domain_map": false,
    "resource": "calendar_event_templates",
    "sub_resources": Object {},
  },
  "calendars": Object {
    "allowed_includes": Array [
      "sync_account",
    ],
    "allowed_methods": Array [
      "*",
    ],
    "deprecated": false,
    "filters": Array [
      "id",
      "page",
      "per_page",
    ],
    "headers": Object {},
    "requires_domain_map": false,
    "resource": "calendars",
    "sub_resources": Object {
      "events": Object {
        "allowed_includes": Array [],
        "allowed_methods": Array [
          "*",
        ],
        "deprecated": false,
        "filters": Array [
          "page",
          "per_page",
        ],
        "headers": Object {},
        "requires_domain_map": true,
        "resource": "events",
        "sub_resources": Object {},
      },
    },
  },
  "callbacks": Object {
    "allowed_includes": Array [
      "customer",
      "office",
      "subject",
    ],
    "allowed_methods": Array [
      "*",
    ],
    "deprecated": false,
    "filters": Array [
      "uuid",
      "page",
      "per_page",
    ],
    "headers": Object {},
    "requires_domain_map": false,
    "resource": "callbacks",
    "sub_resources": Object {},
  },
  "centralPlanners": Object {
    "allowed_includes": Array [
      "user",
    ],
    "allowed_methods": Array [
      "*",
    ],
    "deprecated": false,
    "filters": Array [
      "id",
      "page",
      "per_page",
    ],
    "headers": Object {},
    "requires_domain_map": false,
    "resource": "central_planners",
    "sub_resources": Object {},
  },
  "contactOfficeSubjects": Object {
    "allowed_includes": Array [
      "contact_office",
      "contact_office.contact",
      "contact_office.office",
      "subject",
    ],
    "allowed_methods": Array [
      "get",
      "post",
      "delete",
    ],
    "deprecated": false,
    "filters": Array [
      "id",
      "contact_office_id",
      "subject_id",
      "page",
      "per_page",
    ],
    "headers": Object {},
    "requires_domain_map": false,
    "resource": "contact_office_subjects",
    "sub_resources": Object {},
  },
  "contactOffices": Object {
    "allowed_includes": Array [
      "contact",
      "contact.user",
      "office",
    ],
    "allowed_methods": Array [
      "get",
      "post",
      "delete",
    ],
    "deprecated": false,
    "filters": Array [
      "id",
      "contact_id",
      "office_id",
      "page",
      "per_page",
    ],
    "headers": Object {},
    "requires_domain_map": false,
    "resource": "contact_offices",
    "sub_resources": Object {},
  },
  "contacts": Object {
    "allowed_includes": Array [
      "appointments",
      "contact_office_subjects",
      "contact_office_subjects.subject",
      "contact_office_subjects.subject.subject_category",
      "contact_offices",
      "contact_offices.office",
      "offices",
      "subjects.subject_category",
      "subjects",
      "user",
    ],
    "allowed_methods": Array [
      "*",
    ],
    "deprecated": false,
    "filters": Array [
      "offices",
      "schedulable",
      "has_availability_sync_calendars",
      "page",
      "per_page",
    ],
    "headers": Object {},
    "requires_domain_map": false,
    "resource": "contacts",
    "sub_resources": Object {
      "appliedDayTemplates": Object {
        "allowed_includes": Array [
          "day_template",
          "day_template.day_time_slots",
        ],
        "allowed_methods": Array [
          "*",
        ],
        "deprecated": false,
        "filters": Array [
          "start",
          "end",
          "page",
          "per_page",
        ],
        "headers": Object {},
        "requires_domain_map": false,
        "resource": "applied_day_templates",
        "sub_resources": Object {},
      },
      "appliedWeekTemplates": Object {
        "allowed_includes": Array [
          "week_template",
          "week_template.week_time_slots",
        ],
        "allowed_methods": Array [
          "*",
        ],
        "deprecated": false,
        "filters": Array [
          "start",
          "end",
          "page",
          "per_page",
        ],
        "headers": Object {},
        "requires_domain_map": false,
        "resource": "applied_week_templates",
        "sub_resources": Object {},
      },
      "appointments": Object {
        "allowed_includes": Array [
          "accepted_possibility",
          "customer",
          "possibilities",
          "subject",
        ],
        "allowed_methods": Array [
          "*",
        ],
        "deprecated": false,
        "filters": Array [
          "page",
          "per_page",
        ],
        "headers": Object {},
        "requires_domain_map": false,
        "resource": "appointments",
        "sub_resources": Object {},
      },
      "availability": Object {
        "allowed_includes": Array [
          "offices",
        ],
        "allowed_methods": Array [
          "*",
        ],
        "deprecated": false,
        "filters": Array [
          "office",
          "start",
          "end",
          "page",
          "per_page",
        ],
        "headers": Object {},
        "requires_domain_map": false,
        "resource": "availability",
        "sub_resources": Object {},
      },
      "dayTemplates": Object {
        "allowed_includes": Array [
          "day_time_slots",
          "day_time_slots.availability_settings",
          "day_time_slots.offices",
          "day_time_slots.subjects",
        ],
        "allowed_methods": Array [
          "*",
        ],
        "deprecated": false,
        "filters": Array [
          "page",
          "per_page",
        ],
        "headers": Object {},
        "requires_domain_map": false,
        "resource": "day_templates",
        "sub_resources": Object {
          "dayTimeSlots": Object {
            "allowed_includes": Array [
              "availability_settings",
              "contact_office_availability_settings",
              "contact_office_subject_availability_settings",
              "offices",
              "subjects",
            ],
            "allowed_methods": Array [
              "*",
            ],
            "deprecated": false,
            "filters": Array [
              "page",
              "per_page",
            ],
            "headers": Object {},
            "requires_domain_map": false,
            "resource": "day_time_slots",
            "sub_resources": Object {
              "contactOfficeAvailabilitySettings": Object {
                "allowed_includes": Array [
                  "contact_office",
                ],
                "allowed_methods": Array [
                  "*",
                ],
                "deprecated": false,
                "filters": Array [
                  "page",
                  "per_page",
                ],
                "headers": Object {},
                "requires_domain_map": false,
                "resource": "contact_office_availability_settings",
                "sub_resources": Object {},
              },
              "contactOfficeSubjectAvailabilitySettings": Object {
                "allowed_includes": Array [
                  "contact_office_subject",
                  "contact_office_subject.office",
                  "contact_office_subject.subject",
                ],
                "allowed_methods": Array [
                  "*",
                ],
                "deprecated": false,
                "filters": Array [
                  "page",
                  "per_page",
                ],
                "headers": Object {},
                "requires_domain_map": false,
                "resource": "contact_office_subject_availability_settings",
                "sub_resources": Object {},
              },
            },
          },
        },
      },
      "offices": Object {
        "allowed_includes": Array [
          "contacts",
        ],
        "allowed_methods": Array [
          "*",
        ],
        "deprecated": true,
        "filters": Array [
          "page",
          "per_page",
        ],
        "headers": Object {},
        "requires_domain_map": false,
        "resource": "offices",
        "sub_resources": Object {
          "availabilityHours": Object {
            "allowed_includes": Array [],
            "allowed_methods": Array [
              "*",
            ],
            "deprecated": true,
            "filters": Array [
              "page",
              "per_page",
            ],
            "headers": Object {},
            "requires_domain_map": false,
            "resource": "availability_hours",
            "sub_resources": Object {},
          },
          "availabilityHoursExceptions": Object {
            "allowed_includes": Array [],
            "allowed_methods": Array [
              "*",
            ],
            "deprecated": true,
            "filters": Array [
              "page",
              "per_page",
            ],
            "headers": Object {},
            "requires_domain_map": false,
            "resource": "availability_hours_exceptions",
            "sub_resources": Object {},
          },
        },
      },
      "subjects": Object {
        "allowed_includes": Array [
          "questions",
        ],
        "allowed_methods": Array [
          "*",
        ],
        "deprecated": true,
        "filters": Array [
          "page",
          "per_page",
        ],
        "headers": Object {},
        "requires_domain_map": false,
        "resource": "subjects",
        "sub_resources": Object {},
      },
      "weekTemplates": Object {
        "allowed_includes": Array [
          "week_time_slots",
          "week_time_slots.availability_settings",
          "week_time_slots.offices",
          "week_time_slots.subjects",
        ],
        "allowed_methods": Array [
          "*",
        ],
        "deprecated": false,
        "filters": Array [
          "page",
          "per_page",
        ],
        "headers": Object {},
        "requires_domain_map": false,
        "resource": "week_templates",
        "sub_resources": Object {
          "weekTimeSlots": Object {
            "allowed_includes": Array [
              "availability_settings",
              "contact_office_availability_settings",
              "contact_office_subject_availability_settings",
              "offices",
              "subjects",
            ],
            "allowed_methods": Array [
              "*",
            ],
            "deprecated": false,
            "filters": Array [
              "page",
              "per_page",
            ],
            "headers": Object {},
            "requires_domain_map": false,
            "resource": "week_time_slots",
            "sub_resources": Object {
              "contactOfficeAvailabilitySettings": Object {
                "allowed_includes": Array [
                  "contact_office",
                ],
                "allowed_methods": Array [
                  "*",
                ],
                "deprecated": false,
                "filters": Array [
                  "page",
                  "per_page",
                ],
                "headers": Object {},
                "requires_domain_map": false,
                "resource": "contact_office_availability_settings",
                "sub_resources": Object {},
              },
              "contactOfficeSubjectAvailabilitySettings": Object {
                "allowed_includes": Array [
                  "contact_office_subject",
                  "contact_office_subject.office",
                  "contact_office_subject.subject",
                ],
                "allowed_methods": Array [
                  "*",
                ],
                "deprecated": false,
                "filters": Array [
                  "page",
                  "per_page",
                ],
                "headers": Object {},
                "requires_domain_map": false,
                "resource": "contact_office_subject_availability_settings",
                "sub_resources": Object {},
              },
            },
          },
        },
      },
    },
  },
  "coverageRegions": Object {
    "allowed_includes": Array [
      "contact_office",
      "postal_code",
    ],
    "allowed_methods": Array [
      "*",
    ],
    "deprecated": false,
    "filters": Array [
      "contact_office_id",
      "postal_code_id",
      "meeting_types",
      "page",
      "per_page",
    ],
    "headers": Object {},
    "requires_domain_map": false,
    "resource": "coverage_regions",
    "sub_resources": Object {},
  },
  "customers": Object {
    "allowed_includes": Array [],
    "allowed_methods": Array [
      "*",
    ],
    "deprecated": false,
    "filters": Array [
      "external_id",
      "match",
      "limit",
      "page",
      "per_page",
    ],
    "headers": Object {},
    "requires_domain_map": false,
    "resource": "customers",
    "sub_resources": Object {},
  },
  "definedAvailability": Object {
    "allowed_includes": Array [],
    "allowed_methods": Array [
      "get",
    ],
    "deprecated": false,
    "filters": Array [
      "start",
      "end",
      "contacts",
      "offices",
      "subjects",
      "meeting_types",
      Object {
        "key": "format[timezone]",
        "name": "timezone",
      },
      Object {
        "key": "location[geolocation]",
        "name": "geolocation",
      },
      Object {
        "key": "location[country]",
        "name": "country",
      },
      Object {
        "key": "location[postal_code]",
        "name": "postal_code",
      },
    ],
    "headers": Object {},
    "requires_domain_map": false,
    "resource": "defined_availability",
    "sub_resources": Object {},
  },
  "employeeActivations": Object {
    "allowed_includes": Array [
      "employee",
      "employee.enterprise",
    ],
    "allowed_methods": Array [
      "get",
    ],
    "deprecated": false,
    "filters": Array [
      "page",
      "per_page",
    ],
    "headers": Object {},
    "requires_domain_map": false,
    "resource": "employee_activations",
    "sub_resources": Object {},
  },
  "employees": Object {
    "allowed_includes": Array [
      "user",
      "enterprise",
      "roles",
    ],
    "allowed_methods": Array [
      "*",
    ],
    "deprecated": false,
    "filters": Array [
      "email",
      "external_id",
      "state",
      "roles",
      "match",
      "page",
      "per_page",
    ],
    "headers": Object {
      "post": Object {
        "suppress_activation_email": [Function],
      },
    },
    "requires_domain_map": false,
    "resource": "employees",
    "sub_resources": Object {},
  },
  "enterpriseSettings": Object {
    "allowed_includes": Array [],
    "allowed_methods": Array [
      "*",
    ],
    "deprecated": false,
    "filters": Array [
      "page",
      "per_page",
    ],
    "headers": Object {},
    "requires_domain_map": false,
    "resource": "enterprise_settings",
    "sub_resources": Object {},
  },
  "enterprises": Object {
    "allowed_includes": Array [],
    "allowed_methods": Array [
      "*",
    ],
    "deprecated": false,
    "filters": Array [
      "page",
      "per_page",
    ],
    "headers": Object {},
    "requires_domain_map": false,
    "resource": "enterprises",
    "sub_resources": Object {},
  },
  "events": Object {
    "allowed_includes": Array [],
    "allowed_methods": Array [
      "*",
    ],
    "deprecated": false,
    "filters": Array [
      "calendar",
      "before",
      "after",
      "availability",
      "sync_availability",
    ],
    "headers": Object {},
    "requires_domain_map": true,
    "resource": "events",
    "sub_resources": Object {},
  },
  "featureFlags": Object {
    "allowed_includes": Array [],
    "allowed_methods": Array [
      "*",
    ],
    "deprecated": false,
    "filters": Array [],
    "headers": Object {},
    "requires_domain_map": false,
    "resource": "feature_flags",
    "sub_resources": Object {},
  },
  "identity": Object {
    "allowed_includes": Array [],
    "allowed_methods": Array [
      "get",
    ],
    "deprecated": false,
    "filters": Array [],
    "headers": Object {},
    "requires_domain_map": false,
    "resource": "identity",
    "sub_resources": Object {},
  },
  "insights": Object {
    "allowed_includes": Array [],
    "allowed_methods": Array [
      "*",
    ],
    "deprecated": false,
    "filters": Array [
      "page",
      "per_page",
    ],
    "headers": Object {},
    "requires_domain_map": false,
    "resource": "insights",
    "sub_resources": Object {
      "auth": Object {
        "allowed_includes": Array [],
        "allowed_methods": Array [
          "post",
        ],
        "deprecated": false,
        "filters": Array [],
        "headers": Object {},
        "requires_domain_map": false,
        "resource": "auth",
        "sub_resources": Object {},
      },
    },
  },
  "integrations": Object {
    "allowed_includes": Array [],
    "allowed_methods": Array [
      "*",
    ],
    "deprecated": false,
    "filters": Array [
      Object {
        "key": "filter[type]",
        "name": "type",
      },
    ],
    "headers": Object {},
    "requires_domain_map": false,
    "resource": "integrations",
    "sub_resources": Object {},
  },
  "languages": Object {
    "allowed_includes": Array [],
    "allowed_methods": Array [
      "*",
    ],
    "deprecated": false,
    "filters": Array [
      "page",
      "per_page",
    ],
    "headers": Object {},
    "requires_domain_map": false,
    "resource": "languages",
    "sub_resources": Object {},
  },
  "leadSegmentSubjects": Object {
    "allowed_includes": Array [
      "lead_segment",
      "subject",
    ],
    "allowed_methods": Array [
      "*",
    ],
    "deprecated": false,
    "filters": Array [
      "lead_segment_id",
      "subject_id",
      "page",
      "per_page",
    ],
    "headers": Object {},
    "requires_domain_map": false,
    "resource": "lead_segment_subjects",
    "sub_resources": Object {},
  },
  "leadSegments": Object {
    "allowed_includes": Array [
      "lead_segment_subjects",
      "subjects",
    ],
    "allowed_methods": Array [
      "*",
    ],
    "deprecated": false,
    "filters": Array [
      "page",
      "per_page",
    ],
    "headers": Object {},
    "requires_domain_map": false,
    "resource": "lead_segments",
    "sub_resources": Object {},
  },
  "modules": Object {
    "allowed_includes": Array [],
    "allowed_methods": Array [
      "*",
    ],
    "deprecated": false,
    "filters": Array [],
    "headers": Object {},
    "requires_domain_map": false,
    "resource": "modules",
    "sub_resources": Object {
      "languages": Object {
        "allowed_includes": Array [],
        "allowed_methods": Array [
          "*",
        ],
        "deprecated": false,
        "filters": Array [],
        "headers": Object {},
        "requires_domain_map": false,
        "resource": "languages",
        "sub_resources": Object {
          "translations": Object {
            "allowed_includes": Array [],
            "allowed_methods": Array [
              "*",
            ],
            "deprecated": false,
            "filters": Array [],
            "headers": Object {},
            "requires_domain_map": false,
            "resource": "translations",
            "sub_resources": Object {},
          },
        },
      },
      "translations": Object {
        "allowed_includes": Array [],
        "allowed_methods": Array [
          "*",
        ],
        "deprecated": false,
        "filters": Array [],
        "headers": Object {},
        "requires_domain_map": false,
        "resource": "translations",
        "sub_resources": Object {},
      },
    },
  },
  "officeManagerOffices": Object {
    "allowed_includes": Array [
      "office_manager",
      "office_manager.user",
      "office",
    ],
    "allowed_methods": Array [
      "get",
      "post",
      "delete",
    ],
    "deprecated": false,
    "filters": Array [
      "id",
      "office_manager_id",
      "office_id",
      "page",
      "per_page",
    ],
    "headers": Object {},
    "requires_domain_map": false,
    "resource": "office_manager_offices",
    "sub_resources": Object {},
  },
  "officeManagers": Object {
    "allowed_includes": Array [
      "user",
      "offices",
    ],
    "allowed_methods": Array [
      "*",
    ],
    "deprecated": false,
    "filters": Array [
      "page",
      "per_page",
    ],
    "headers": Object {},
    "requires_domain_map": false,
    "resource": "office_managers",
    "sub_resources": Object {
      "offices": Object {
        "allowed_includes": Array [
          "contacts",
        ],
        "allowed_methods": Array [
          "*",
        ],
        "deprecated": true,
        "filters": Array [
          "page",
          "per_page",
        ],
        "headers": Object {},
        "requires_domain_map": false,
        "resource": "offices",
        "sub_resources": Object {},
      },
    },
  },
  "offices": Object {
    "allowed_includes": Array [
      "subject_settings",
      "contact_offices",
      "contact_offices.contact",
      "contact_offices.contact.employee",
      "contact_offices.contact.contact_office_subjects",
      "contact_offices.contact.contact_office_subjects.subject",
      "contact_offices.contact.user",
      "contacts",
      "contacts.employee",
      "contacts.user",
      "office_manager_offices",
      "office_manager_offices.office_manager",
      "office_manager_offices.office_manager.user",
      "office_manager_offices.office_manager.employee",
      "office_managers",
      "office_managers.user",
      "office_managers.employee",
      "office_subject_availability_settings",
    ],
    "allowed_methods": Array [
      "*",
    ],
    "deprecated": false,
    "filters": Array [
      "external_id",
      "schedulable_for_subject",
      "schedulable_with_contact",
      "schedulable_for_meeting_type",
      "schedulable",
      "nearest_to_geo",
      Object {
        "key": "location[geolocation]",
        "name": "geolocation",
      },
      Object {
        "key": "location[country]",
        "name": "country",
      },
      Object {
        "key": "location[postal_code]",
        "name": "postal_code",
      },
      "limit",
      "page",
      "per_page",
    ],
    "headers": Object {},
    "requires_domain_map": false,
    "resource": "offices",
    "sub_resources": Object {
      "availabilityHoursExceptions": Object {
        "allowed_includes": Array [],
        "allowed_methods": Array [
          "*",
        ],
        "deprecated": true,
        "filters": Array [
          "page",
          "per_page",
        ],
        "headers": Object {},
        "requires_domain_map": false,
        "resource": "availability_hours_exceptions",
        "sub_resources": Object {},
      },
      "contacts": Object {
        "allowed_includes": Array [
          "user",
        ],
        "allowed_methods": Array [
          "*",
        ],
        "deprecated": true,
        "filters": Array [
          "page",
          "per_page",
        ],
        "headers": Object {},
        "requires_domain_map": false,
        "resource": "contacts",
        "sub_resources": Object {},
      },
      "officeManagers": Object {
        "allowed_includes": Array [
          "user",
        ],
        "allowed_methods": Array [
          "*",
        ],
        "deprecated": true,
        "filters": Array [
          "page",
          "per_page",
        ],
        "headers": Object {},
        "requires_domain_map": false,
        "resource": "office_managers",
        "sub_resources": Object {},
      },
      "officeSubjectAvailabilitySettings": Object {
        "allowed_includes": Array [],
        "allowed_methods": Array [
          "*",
        ],
        "deprecated": false,
        "filters": Array [
          "page",
          "per_page",
        ],
        "headers": Object {},
        "requires_domain_map": false,
        "resource": "office_subject_availability_settings",
        "sub_resources": Object {},
      },
      "subjectAvailabilitySettings": Object {
        "allowed_includes": Array [],
        "allowed_methods": Array [
          "*",
        ],
        "deprecated": false,
        "filters": Array [
          "page",
          "per_page",
        ],
        "headers": Object {},
        "requires_domain_map": false,
        "resource": "subject_availability_settings",
        "sub_resources": Object {},
      },
      "subjectSettings": Object {
        "allowed_includes": Array [],
        "allowed_methods": Array [
          "*",
        ],
        "deprecated": true,
        "filters": Array [
          "subject_id",
          "page",
          "per_page",
        ],
        "headers": Object {},
        "requires_domain_map": false,
        "resource": "subject_settings",
        "sub_resources": Object {},
      },
    },
  },
  "outcomeLists": Object {
    "allowed_includes": Array [
      "outcome_outcome_lists",
      "outcomes",
    ],
    "allowed_methods": Array [
      "*",
    ],
    "deprecated": false,
    "filters": Array [
      "page",
      "per_page",
    ],
    "headers": Object {},
    "requires_domain_map": false,
    "resource": "outcome_lists",
    "sub_resources": Object {},
  },
  "outcomeOutcomeLists": Object {
    "allowed_includes": Array [
      "outcome",
      "outcome_list",
    ],
    "allowed_methods": Array [
      "*",
    ],
    "deprecated": false,
    "filters": Array [
      "page",
      "per_page",
    ],
    "headers": Object {},
    "requires_domain_map": false,
    "resource": "outcome_outcome_lists",
    "sub_resources": Object {},
  },
  "outcomes": Object {
    "allowed_includes": Array [
      "appointments",
      "outcome_lists",
      "outcome_outcome_lists",
    ],
    "allowed_methods": Array [
      "*",
    ],
    "deprecated": false,
    "filters": Array [
      "page",
      "per_page",
    ],
    "headers": Object {},
    "requires_domain_map": false,
    "resource": "outcomes",
    "sub_resources": Object {},
  },
  "postalCodes": Object {
    "allowed_includes": Array [],
    "allowed_methods": Array [
      "*",
    ],
    "deprecated": false,
    "filters": Array [
      "page",
      "per_page",
    ],
    "headers": Object {},
    "requires_domain_map": false,
    "resource": "postal_codes",
    "sub_resources": Object {},
  },
  "recaptchaDomains": Object {
    "allowed_includes": Array [],
    "allowed_methods": Array [
      "*",
    ],
    "deprecated": false,
    "filters": Array [
      "page",
      "per_page",
    ],
    "headers": Object {},
    "requires_domain_map": false,
    "resource": "recaptcha_domains",
    "sub_resources": Object {},
  },
  "subjectCategories": Object {
    "allowed_includes": Array [
      "languages",
      "languages.translations",
    ],
    "allowed_methods": Array [
      "*",
    ],
    "deprecated": false,
    "filters": Array [
      "page",
      "per_page",
    ],
    "headers": Object {},
    "requires_domain_map": false,
    "resource": "subject_categories",
    "sub_resources": Object {},
  },
  "subjectCoverageRegions": Object {
    "allowed_includes": Array [
      "postal_code",
      "contact_office_subject",
    ],
    "allowed_methods": Array [
      "*",
    ],
    "deprecated": false,
    "filters": Array [
      "postal_code_id",
      "contact_office_subject_id",
      "meeting_types",
      "page",
      "per_page",
    ],
    "headers": Object {},
    "requires_domain_map": false,
    "resource": "subject_coverage_regions",
    "sub_resources": Object {},
  },
  "subjects": Object {
    "allowed_includes": Array [
      "questions",
      "subject_category",
      "languages",
      "languages.translations",
      "lead_segments",
      "availability_settings",
      "completion_outcome_list",
      "completion_outcome_list.outcomes",
      "completion_outcome_list.outcome_outcome_lists",
      "customer_cancellation_outcome_list",
      "customer_cancellation_outcome_list.outcomes",
      "customer_cancellation_outcome_list.outcome_outcome_lists",
      "contact_cancellation_outcome_list",
      "contact_cancellation_outcome_list.outcomes",
      "contact_cancellation_outcome_list.outcome_outcome_lists",
    ],
    "allowed_methods": Array [
      "*",
    ],
    "deprecated": false,
    "filters": Array [
      "category_id",
      "external_id",
      "lead_segment_code",
      "schedulable_at_office",
      "schedulable_for_meeting_type",
      "schedulable_with_contact",
      "schedulable",
      "page",
      "per_page",
    ],
    "headers": Object {},
    "requires_domain_map": false,
    "resource": "subjects",
    "sub_resources": Object {
      "availabilitySettings": Object {
        "allowed_includes": Array [],
        "allowed_methods": Array [
          "*",
        ],
        "deprecated": false,
        "filters": Array [
          "page",
          "per_page",
        ],
        "headers": Object {},
        "requires_domain_map": false,
        "resource": "availability_settings",
        "sub_resources": Object {},
      },
      "questions": Object {
        "allowed_includes": Array [
          "options",
          "languages",
          "languages.translations",
        ],
        "allowed_methods": Array [
          "*",
        ],
        "deprecated": false,
        "filters": Array [
          "page",
          "per_page",
        ],
        "headers": Object {},
        "requires_domain_map": false,
        "resource": "questions",
        "sub_resources": Object {
          "languages": Object {
            "allowed_includes": Array [],
            "allowed_methods": Array [
              "*",
            ],
            "deprecated": false,
            "filters": Array [
              "page",
              "per_page",
            ],
            "headers": Object {},
            "requires_domain_map": false,
            "resource": "languages",
            "sub_resources": Object {},
          },
          "options": Object {
            "allowed_includes": Array [],
            "allowed_methods": Array [
              "*",
            ],
            "deprecated": false,
            "filters": Array [
              "page",
              "per_page",
            ],
            "headers": Object {},
            "requires_domain_map": false,
            "resource": "options",
            "sub_resources": Object {},
          },
        },
      },
      "timetable": Object {
        "allowed_includes": Array [],
        "allowed_methods": Array [
          "*",
        ],
        "deprecated": true,
        "filters": Array [
          "office",
          "start",
          "end",
          "contacts",
          "page",
          "per_page",
        ],
        "headers": Object {},
        "requires_domain_map": false,
        "resource": "timetable",
        "sub_resources": Object {},
      },
    },
  },
  "timetable": Object {
    "allowed_includes": Array [],
    "allowed_methods": Array [
      "get",
    ],
    "deprecated": false,
    "filters": Array [
      "start",
      "end",
      "office",
      "subject",
      "meeting_type",
      "contacts",
      Object {
        "key": "format[timezone]",
        "name": "timezone",
      },
      Object {
        "key": "location[geolocation]",
        "name": "geolocation",
      },
      Object {
        "key": "location[country]",
        "name": "country",
      },
      Object {
        "key": "location[postal_code]",
        "name": "postal_code",
      },
    ],
    "headers": Object {},
    "requires_domain_map": false,
    "resource": "timetable",
    "sub_resources": Object {},
  },
  "timezones": Object {
    "allowed_includes": Array [],
    "allowed_methods": Array [
      "*",
    ],
    "deprecated": false,
    "filters": Array [
      "page",
      "per_page",
    ],
    "headers": Object {},
    "requires_domain_map": false,
    "resource": "timezones",
    "sub_resources": Object {},
  },
  "unavailability": Object {
    "allowed_includes": Array [],
    "allowed_methods": Array [
      "get",
    ],
    "deprecated": false,
    "filters": Array [
      "start",
      "end",
      "contacts",
      "offices",
      "subjects",
      Object {
        "key": "format[timezone]",
        "name": "timezone",
      },
      "ignore_skedify_appointments",
    ],
    "headers": Object {},
    "requires_domain_map": false,
    "resource": "unavailability",
    "sub_resources": Object {},
  },
  "users": Object {
    "allowed_includes": Array [
      "employees",
      "sync_accounts",
    ],
    "allowed_methods": Array [
      "*",
    ],
    "deprecated": false,
    "filters": Array [
      "page",
      "per_page",
    ],
    "headers": Object {},
    "requires_domain_map": false,
    "resource": "users",
    "sub_resources": Object {
      "calendars": Object {
        "allowed_includes": Array [
          "sync_accounts",
        ],
        "allowed_methods": Array [
          "*",
        ],
        "deprecated": false,
        "filters": Array [
          "page",
          "per_page",
        ],
        "headers": Object {},
        "requires_domain_map": false,
        "resource": "calendars",
        "sub_resources": Object {
          "events": Object {
            "allowed_includes": Array [],
            "allowed_methods": Array [
              "*",
            ],
            "deprecated": false,
            "filters": Array [
              "start",
              "end",
              "split",
              "group_by",
              "page",
              "per_page",
            ],
            "headers": Object {},
            "requires_domain_map": false,
            "resource": "events",
            "sub_resources": Object {},
          },
        },
      },
      "employees": Object {
        "allowed_includes": Array [
          "roles",
        ],
        "allowed_methods": Array [
          "*",
        ],
        "deprecated": false,
        "filters": Array [
          "page",
          "per_page",
        ],
        "headers": Object {},
        "requires_domain_map": false,
        "resource": "employees",
        "sub_resources": Object {},
      },
      "events": Object {
        "allowed_includes": Array [],
        "allowed_methods": Array [
          "*",
        ],
        "deprecated": false,
        "filters": Array [
          "start",
          "end",
          "split",
          "group_by",
          "page",
          "per_page",
        ],
        "headers": Object {},
        "requires_domain_map": false,
        "resource": "events",
        "sub_resources": Object {},
      },
      "syncAccounts": Object {
        "allowed_includes": Array [
          "calendars",
        ],
        "allowed_methods": Array [
          "*",
        ],
        "deprecated": false,
        "filters": Array [
          "page",
          "per_page",
        ],
        "headers": Object {},
        "requires_domain_map": false,
        "resource": "sync_accounts",
        "sub_resources": Object {},
      },
    },
  },
}
`;
